Starting job 1237533 on c1-33 on Olivia at Thu Jun 11 12:20:02 CEST 2026

References:
ref_1BT3_Ibatatas.pdb
ref_1JS8_squid.pdb
ref_2Y9W_Abisporus.pdb
ref_5CE9_Jregia.pdb
ref_5M8L_human.pdb
ref_8BBR_Vspinosum.pdb
ref_A0A9N8ELP9_oomycota.pdb
ref_I3D139_archaea.pdb
ref_PmTYR.pdb
Creating target DB from 9 references...
createdb /tmp/foldseek_tmp_2594252/refs /tmp/foldseek_tmp_2594252/targetdb --threads 1 

MMseqs Version:             	f3792e361cd20f243585041b0471c9ac6e81248a
Use GPU                     	0
Path to ProstT5             	
Chain name mode             	0
Model name mode             	0
Createdb extraction mode    	0
Interface distance threshold	10
Write mapping file          	0
Write Foldcomp              	0
Mask b-factor threshold     	0
Coord store mode            	2
Write lookup file           	1
Input format                	0
Input compression format    	0
File Inclusion Regex        	.*
File Exclusion Regex        	^$
Threads                     	1
Verbosity                   	3

Output file: /tmp/foldseek_tmp_2594252/targetdb
[=================================================================] 9 0s 10ms
Time for merging to targetdb_ss: 0h 0m 0s 0ms
Time for merging to targetdb_h: 0h 0m 0s 0ms
Time for merging to targetdb_ca: 0h 0m 0s 0ms
Time for merging to targetdb: 0h 0m 0s 0ms
Ignore 0 out of 9.
Too short: 0, incorrect: 0, not proteins: 0.
Time for processing: 0h 0m 0s 13ms
Creating query DB from all structures...
createdb /tmp/sqsh_foldseek_2594252 /tmp/foldseek_tmp_2594252/querydb --threads 16 

MMseqs Version:             	f3792e361cd20f243585041b0471c9ac6e81248a
Use GPU                     	0
Path to ProstT5             	
Chain name mode             	0
Model name mode             	0
Createdb extraction mode    	0
Interface distance threshold	10
Write mapping file          	0
Write Foldcomp              	0
Mask b-factor threshold     	0
Coord store mode            	2
Write lookup file           	1
Input format                	0
Input compression format    	0
File Inclusion Regex        	.*
File Exclusion Regex        	^$
Threads                     	16
Verbosity                   	3

Output file: /tmp/foldseek_tmp_2594252/querydb
[=================================================================] 32.07K 30s 1ms
Time for merging to querydb_ss: 0h 0m 0s 20ms
Time for merging to querydb_h: 0h 0m 0s 5ms
Time for merging to querydb_ca: 0h 0m 0s 45ms
Time for merging to querydb: 0h 0m 0s 11ms
Ignore 64138 out of 96207.
Too short: 64138, incorrect: 0, not proteins: 0.
Time for processing: 0h 0m 30s 881ms
Running search (all queries vs all references)...
Create directory /tmp/foldseek_tmp_2594252/tmp
search /tmp/foldseek_tmp_2594252/querydb /tmp/foldseek_tmp_2594252/targetdb /tmp/foldseek_tmp_2594252/result /tmp/foldseek_tmp_2594252/tmp --threads 16 -a -e 10 --exhaustive-search 1 --max-seqs 9 

MMseqs Version:                    	f3792e361cd20f243585041b0471c9ac6e81248a
TMscore threshold                  	0
TMscore threshold mode             	0
LDDT threshold                     	0
Sort by structure bit score        	1
Alignment type                     	2
Exact TMscore                      	0
Substitution matrix                	aa:3di.out,nucl:3di.out
Add backtrace                      	true
Alignment mode                     	3
Alignment mode                     	0
E-value threshold                  	10
Seq. id. threshold                 	0
Min alignment length               	0
Seq. id. mode                      	0
Alternative alignments             	0
Coverage threshold                 	0
Coverage mode                      	0
Max sequence length                	65535
Compositional bias                 	1
Compositional bias scale           	1
Max reject                         	2147483647
Max accept                         	2147483647
Preload mode                       	0
Gap open cost                      	aa:10,nucl:10
Gap extension cost                 	aa:1,nucl:1
Threads                            	16
Compressed                         	0
Verbosity                          	3
Seed substitution matrix           	aa:3di.out,nucl:3di.out
Sensitivity                        	9.5
k-mer length                       	0
Target search mode                 	0
k-score                            	seq:2147483647,prof:2147483647
Max results per query              	9
Split database                     	0
Split mode                         	2
Split memory limit                 	0
Diagonal scoring                   	true
Exact k-mer matching               	0
Mask residues                      	0
Mask residues probability          	0.999995
Mask lower case residues           	1
Mask lower letter repeating N times	6
Minimum diagonal score             	30
Selected taxa                      	
Spaced k-mers                      	1
Spaced k-mer pattern               	
Local temporary path               	
Use GPU                            	0
Use GPU server                     	0
Wait for GPU server                	600
Prefilter mode                     	0
TMalign hit order                  	0
TMalign fast                       	1
MultiDomain Mode                   	1
Mask profile                       	1
Profile E-value threshold          	0.1
Global sequence weighting          	false
Allow deletions                    	false
Filter MSA                         	1
Use filter only at N seqs          	0
Maximum seq. id. threshold         	0.9
Minimum seq. id.                   	0.0
Minimum score per column           	-20
Minimum coverage                   	0
Select N most diverse seqs         	1000
Pseudo count mode                  	0
Profile output mode                	0
Cluster search                     	0
Exhaustive search mode             	true
Search iterations                  	1
Remove temporary files             	true
Force restart with latest tmp      	false
MPI runner                         	

structurealign /tmp/foldseek_tmp_2594252/querydb /tmp/foldseek_tmp_2594252/targetdb /tmp/foldseek_tmp_2594252/tmp/10110250067718375914/pref /tmp/foldseek_tmp_2594252/tmp/10110250067718375914/strualn --tmscore-threshold 0 --tmscore-threshold-mode 0 --lddt-threshold 0 --sort-by-structure-bits 1 --alignment-type 2 --exact-tmscore 0 --sub-mat 'aa:3di.out,nucl:3di.out' -a 1 --alignment-mode 3 --alignment-output-mode 0 --wrapped-scoring 0 -e 10 --min-seq-id 0 --min-aln-len 0 --seq-id-mode 0 --alt-ali 0 -c 0 --cov-mode 0 --max-seq-len 65535 --comp-bias-corr 1 --comp-bias-corr-scale 0.5 --max-rejected 2147483647 --max-accept 2147483647 --add-self-matches 0 --db-load-mode 0 --pca substitution:1.100,context:1.400 --pcb substitution:4.100,context:5.800 --score-bias 0 --realign 0 --realign-score-bias -0.2 --realign-max-seqs 2147483647 --corr-score-weight 0 --gap-open aa:10,nucl:10 --gap-extend aa:1,nucl:1 --zdrop 40 --threads 16 --compressed 0 -v 3 

[=================================================================] 32.07K 11s 214ms
Time for merging to strualn: 0h 0m 0s 14ms
Time for processing: 0h 0m 11s 291ms
mvdb /tmp/foldseek_tmp_2594252/tmp/10110250067718375914/strualn /tmp/foldseek_tmp_2594252/tmp/10110250067718375914/aln -v 3 

Time for processing: 0h 0m 0s 18ms
mvdb /tmp/foldseek_tmp_2594252/tmp/10110250067718375914/aln /tmp/foldseek_tmp_2594252/result -v 3 

Time for processing: 0h 0m 0s 17ms
Removing temporary files
rmdb /tmp/foldseek_tmp_2594252/tmp/10110250067718375914/pref -v 3 

Time for processing: 0h 0m 0s 0ms
Converting all hits...
/cluster/home/eirinlandsem/Super_reference_pipeline/1_filtering/foldseek/foldseek_multiref_all.tsv exists and will be overwritten
convertalis /tmp/foldseek_tmp_2594252/querydb /tmp/foldseek_tmp_2594252/targetdb /tmp/foldseek_tmp_2594252/result /cluster/home/eirinlandsem/Super_reference_pipeline/1_filtering/foldseek/foldseek_multiref_all.tsv --format-mode 4 --format-output query,target,qstart,qend,qlen,tstart,tend,tlen,alntmscore,qtmscore,lddt,rmsd,alnlen,evalue 

MMseqs Version:        	f3792e361cd20f243585041b0471c9ac6e81248a
Substitution matrix    	aa:3di.out,nucl:3di.out
Alignment format       	4
Format alignment output	query,target,qstart,qend,qlen,tstart,tend,tlen,alntmscore,qtmscore,lddt,rmsd,alnlen,evalue
Gap open cost          	aa:10,nucl:10
Gap extension cost     	aa:1,nucl:1
Database output        	false
Preload mode           	0
Threads                	256
Compressed             	0
Verbosity              	3
Exact TMscore          	0

[=================================================================] 32.07K 18s 578ms
Time for merging to foldseek_multiref_all.tsv: 0h 0m 0s 216ms
Time for processing: 0h 0m 19s 280ms
Total hits:
287925 /cluster/home/eirinlandsem/Super_reference_pipeline/1_filtering/foldseek/foldseek_multiref_all.tsv
Selecting best hit per query (by alntmscore)...
Best hits: 32069 queries
  ref_PmTYR: 11665
  ref_5M8L_human: 8478
  ref_2Y9W_Abisporus: 3922
  ref_5CE9_Jregia: 2410
  ref_1BT3_Ibatatas: 2160
  ref_1JS8_squid: 1587
  ref_8BBR_Vspinosum: 723
  ref_I3D139_archaea: 594
  ref_A0A9N8ELP9_oomycota: 530
Done.

Job 1237533 consumed 0.3 billing hours and 0.0 GPU hours from project nn1003k.

Submitted 2026-06-11T12:20:01; waited 1.0 seconds in the queue after becoming eligible to run.

Requested wallclock time: 2.0 hours
Elapsed wallclock time:   1.1 minutes

Job exited normally.

Task and CPU statistics:
ID             CPUs  Tasks  CPU util                Start  Elapsed  Exit status
1237533          16            0.0 %  2026-06-11T12:20:02   69.0 s  0
1237533.batch    16      1    68.2 %  2026-06-11T12:20:02   69.0 s  0

Used CPU time:   12.5 CPU minutes
Unused CPU time: 5.9 CPU minutes

Memory statistics, in GiB:
ID              Alloc   Usage
1237533          32.0        
1237533.batch    32.0    19.7

Job 1237533 completed at Thu Jun 11 12:21:12 CEST 2026
