Starting job 1241441 on gpu-1-62 on Olivia at Fri Jun 12 10:45:36 CEST 2026

Task 3: structures 132-175 of 438
Started: Fri Jun 12 10:45:36 CEST 2026
Staged 44 CIFs
INFO:    gocryptfs not found, will not be able to use gocryptfs
Processing 44 structures (index 0-43)
  [1/44] A0A6A3VJQ3... ok (23 metal sites, 1 Cu)
  [2/44] A0A6A6LSB5... ok (15 metal sites, 1 Cu)
  [3/44] A0A6A6V9C0... ok (45 metal sites, 4 Cu)
  [4/44] A0A6A6VD71... ok (18 metal sites, 1 Cu)
  [5/44] A0A6A6Z483... ok (16 metal sites, 3 Cu)
  [6/44] A0A6A7AJP7... ok (26 metal sites, 1 Cu)
  [7/44] A0A6N2KXN2... ok (30 metal sites, 2 Cu)
  [8/44] A0A6V8R0Z5... ok (31 metal sites, 1 Cu)
  [9/44] A0A7C8PDD9... ok (34 metal sites, 2 Cu)
  [10/44] A0A7C8PLB1... ok (41 metal sites, 1 Cu)
  [11/44] A0A7C8UE72... ok (35 metal sites, 1 Cu)
  [12/44] A0A7C9M494... ok (34 metal sites, 3 Cu)
  [13/44] A0A7D8YV71... ok (26 metal sites, 2 Cu)
  [14/44] A0A7J9CIK1... ok (28 metal sites, 1 Cu)
  [15/44] A0A7S2BAD2... ok (17 metal sites, 1 Cu)
  [16/44] A0A7S2HW81... ok (17 metal sites, 4 Cu)
  [17/44] A0A7S2J952... ok (23 metal sites, 0 Cu)
  [18/44] A0A7S2V2E8... ok (20 metal sites, 1 Cu)
  [19/44] A0A7S2W0D0... ok (30 metal sites, 2 Cu)
  [20/44] A0A7S3K253... ok (30 metal sites, 4 Cu)
  [21/44] A0A7S3NJF7... ok (18 metal sites, 3 Cu)
  [22/44] A0A7S3Y3R6... ok (28 metal sites, 2 Cu)
  [23/44] A0A7S3Y4W0... ok (30 metal sites, 1 Cu)
  [24/44] A0A7S4EF99... ok (29 metal sites, 1 Cu)
  [25/44] A0A7S8HTB7... ok (29 metal sites, 0 Cu)
  [26/44] A0A7W8KIV5... ok (55 metal sites, 3 Cu)
  [27/44] A0A858R6E5... ok (27 metal sites, 2 Cu)
  [28/44] A0A8B6D6B6... ok (39 metal sites, 1 Cu)
  [29/44] A0A8C2BJ19... ok (20 metal sites, 2 Cu)
  [30/44] A0A8C2CAU1... ok (24 metal sites, 1 Cu)
  [31/44] A0A8C7WQP3... ok (25 metal sites, 1 Cu)
  [32/44] A0A8D2AM71... [2026-06-12T16:45:35.015] error: *** JOB 1241441 ON gpu-1-62 CANCELLED AT 2026-06-12T16:45:35 DUE TO TIME LIMIT ***

Job 1241441 consumed 0.0 billing hours and 6.0 GPU hours from project nn1003k.

Submitted 2026-06-12T10:45:09; waited 26.0 seconds in the queue after becoming eligible to run.

Requested wallclock time: 6.0 hours
Elapsed wallclock time:   6.0 hours

Job timed out.

Task and CPU statistics:
ID             CPUs  Tasks  CPU util                Start  Elapsed  Exit status
1241441           1            0.0 %  2026-06-12T10:45:35    6.0 h  0
1241441.batch     1      1    85.0 %  2026-06-12T10:45:35    6.0 h  Signal 15

Used CPU time:   5.1 CPU hours
Unused CPU time: 54.0 CPU minutes

Memory statistics, in GiB:
ID              Alloc   Usage
1241441         120.0        
1241441.batch   120.0    65.8

Job 1241441 completed at Fri Jun 12 16:45:38 CEST 2026
