Starting job 1241445 on gpu-1-112 on Olivia at Fri Jun 12 16:45:42 CEST 2026

Task 7: structures 308-351 of 438
Started: Fri Jun 12 16:45:43 CEST 2026
Staged 44 CIFs
INFO:    gocryptfs not found, will not be able to use gocryptfs
Processing 44 structures (index 0-43)
  [1/44] A0AAJ0ARN6... ok (45 metal sites, 1 Cu)
  [2/44] A0AAJ0HTC4... ok (20 metal sites, 3 Cu)
  [3/44] A0AAN6RPE8... ok (17 metal sites, 1 Cu)
  [4/44] A0AAN6SJA1... ok (16 metal sites, 0 Cu)
  [5/44] A0AAN6T300... ok (12 metal sites, 1 Cu)
  [6/44] A0AAN6TQA1... ok (19 metal sites, 1 Cu)
  [7/44] A0AAN7A066... ok (35 metal sites, 3 Cu)
  [8/44] A0AAN9UNN2... ok (20 metal sites, 1 Cu)
  [9/44] A0AAP0AW68... ok (25 metal sites, 3 Cu)
  [10/44] A0AAU9M4G3... ok (46 metal sites, 1 Cu)
  [11/44] A0AAV9N4W8... ok (45 metal sites, 1 Cu)
  [12/44] A0AAV9TLG9... ok (36 metal sites, 1 Cu)
  [13/44] A0AAV9WDN7... ok (48 metal sites, 3 Cu)
  [14/44] A0AAW0CEJ6... ok (21 metal sites, 3 Cu)
  [15/44] A0AAW0JZX2... ok (24 metal sites, 1 Cu)
  [16/44] A0AAX6MJK2... ok (42 metal sites, 4 Cu)
  [17/44] A0AB34G7B4... ok (20 metal sites, 2 Cu)
  [18/44] A0AB34H8K3... ok (22 metal sites, 1 Cu)
  [19/44] A0AB40C3A0... ok (13 metal sites, 0 Cu)
  [20/44] A0ABD2QHI1... ok (32 metal sites, 1 Cu)
  [21/44] A0ABD3TJS7... ok (45 metal sites, 0 Cu)
  [22/44] A0ABP0C706... ok (25 metal sites, 1 Cu)
  [23/44] A0ABP0CGC6... ok (33 metal sites, 2 Cu)
  [24/44] A0ABP7CFC7... ok (35 metal sites, 4 Cu)
  [25/44] A0ABQ6KJ75... ok (21 metal sites, 2 Cu)
  [26/44] A0ABQ8FQ07... ok (15 metal sites, 1 Cu)
  [27/44] A0ABQ8NRT5... ok (24 metal sites, 0 Cu)
  [28/44] A0ABQ8W2X8... ok (35 metal sites, 1 Cu)
  [29/44] A0ABQ9NKX3... ok (22 metal sites, 2 Cu)
  [30/44] A0ABQ9NSB7... ok (31 metal sites, 1 Cu)
  [31/44] A0ABQ9S4D2... ok (23 metal sites, 0 Cu)
  [32/44] A0ABR0FKD1... ok (34 metal sites, 3 Cu)
  [33/44] A0ABR0GG82... ok (30 metal sites, 3 Cu)
  [34/44] A0ABR0SA33... ok (40 metal sites, 2 Cu)
  [35/44] A0ABR1GVL9... ok (49 metal sites, 0 Cu)
  [36/44] A0ABR1NNA7... [2026-06-12T22:46:06.002] error: *** JOB 1241445 ON gpu-1-112 CANCELLED AT 2026-06-12T22:46:06 DUE TO TIME LIMIT ***

Job 1241445 consumed 0.0 billing hours and 6.0 GPU hours from project nn1003k.

Submitted 2026-06-12T10:45:09; waited 7.0 seconds in the queue after becoming eligible to run.

Requested wallclock time: 6.0 hours
Elapsed wallclock time:   6.0 hours

Job timed out.

Task and CPU statistics:
ID             CPUs  Tasks  CPU util                Start  Elapsed  Exit status
1241445           1            0.0 %  2026-06-12T16:45:42    6.0 h  0
1241445.batch     1      1    94.0 %  2026-06-12T16:45:42    6.0 h  Signal 15

Used CPU time:   5.6 CPU hours
Unused CPU time: 21.5 CPU minutes

Memory statistics, in GiB:
ID              Alloc   Usage
1241445         120.0        
1241445.batch   120.0    68.3

Job 1241445 completed at Fri Jun 12 22:46:08 CEST 2026
