Starting job 1241443 on gpu-1-112 on Olivia at Fri Jun 12 16:45:42 CEST 2026

Task 5: structures 220-263 of 438
Started: Fri Jun 12 16:45:43 CEST 2026
Staged 44 CIFs
INFO:    gocryptfs not found, will not be able to use gocryptfs
Processing 44 structures (index 0-43)
  [1/44] A0A9N8PYA4... ok (32 metal sites, 0 Cu)
  [2/44] A0A9N9LFJ9... ok (12 metal sites, 1 Cu)
  [3/44] A0A9N9TYT2... ok (18 metal sites, 1 Cu)
  [4/44] A0A9N9VJ00... ok (14 metal sites, 1 Cu)
  [5/44] A0A9N9YKH8... ok (17 metal sites, 1 Cu)
  [6/44] A0A9P1GXI3... ok (56 metal sites, 0 Cu)
  [7/44] A0A9P1HC93... ok (38 metal sites, 2 Cu)
  [8/44] A0A9P4WAB7... ok (41 metal sites, 2 Cu)
  [9/44] A0A9P5E401... ok (37 metal sites, 1 Cu)
  [10/44] A0A9P5E8A2... ok (11 metal sites, 0 Cu)
  [11/44] A0A9P5HF60... ok (29 metal sites, 1 Cu)
  [12/44] A0A9P6CDR8... ok (16 metal sites, 0 Cu)
  [13/44] A0A9P6MTT1... ok (33 metal sites, 1 Cu)
  [14/44] A0A9P7HR95... ok (19 metal sites, 0 Cu)
  [15/44] A0A9P7I9U8... ok (15 metal sites, 1 Cu)
  [16/44] A0A9P8CKH4... ok (17 metal sites, 2 Cu)
  [17/44] A0A9P8D470... ok (33 metal sites, 1 Cu)
  [18/44] A0A9P8HZ59... ok (34 metal sites, 1 Cu)
  [19/44] A0A9P8ILQ2... ok (13 metal sites, 3 Cu)
  [20/44] A0A9P8L2T7... ok (33 metal sites, 1 Cu)
  [21/44] A0A9P8W8E4... ok (30 metal sites, 1 Cu)
  [22/44] A0A9P9WS14... ok (11 metal sites, 1 Cu)
  [23/44] A0A9Q0B5F6... ok (37 metal sites, 2 Cu)
  [24/44] A0A9Q1LBZ7... ok (12 metal sites, 1 Cu)
  [25/44] A0A9Q5NBQ1... ok (23 metal sites, 1 Cu)
  [26/44] A0A9Q9EMM3... ok (19 metal sites, 2 Cu)
  [27/44] A0A9Q9RDA1... ok (49 metal sites, 1 Cu)
  [28/44] A0A9W4K371... ok (45 metal sites, 1 Cu)
  [29/44] A0A9W6AV28... ok (21 metal sites, 2 Cu)
  [30/44] A0A9W8J0U2... ok (41 metal sites, 0 Cu)
  [31/44] A0A9W8JCE4... ok (40 metal sites, 1 Cu)
  [32/44] A0A9W8MIM1... ok (33 metal sites, 0 Cu)
  [33/44] A0A9W8TJD2... ok (16 metal sites, 1 Cu)
  [34/44] A0A9W8VAU3... [2026-06-12T22:46:06.003] error: *** JOB 1241443 ON gpu-1-112 CANCELLED AT 2026-06-12T22:46:06 DUE TO TIME LIMIT ***

Job 1241443 consumed 0.0 billing hours and 6.0 GPU hours from project nn1003k.

Submitted 2026-06-12T10:45:09; waited 7.0 seconds in the queue after becoming eligible to run.

Requested wallclock time: 6.0 hours
Elapsed wallclock time:   6.0 hours

Job timed out.

Task and CPU statistics:
ID             CPUs  Tasks  CPU util                Start  Elapsed  Exit status
1241443           1            0.0 %  2026-06-12T16:45:42    6.0 h  0
1241443.batch     1      1    87.4 %  2026-06-12T16:45:42    6.0 h  Signal 15

Used CPU time:   5.3 CPU hours
Unused CPU time: 45.3 CPU minutes

Memory statistics, in GiB:
ID              Alloc   Usage
1241443         120.0        
1241443.batch   120.0    70.4

Job 1241443 completed at Fri Jun 12 22:46:08 CEST 2026
