Starting job 1241440 on gpu-1-76 on Olivia at Fri Jun 12 10:45:36 CEST 2026

Task 2: structures 88-131 of 438
Started: Fri Jun 12 10:45:36 CEST 2026
Staged 44 CIFs
INFO:    gocryptfs not found, will not be able to use gocryptfs
Processing 44 structures (index 0-43)
  [1/44] A0A2T9Y3X3... ok (25 metal sites, 4 Cu)
  [2/44] A0A367L1Z1... ok (38 metal sites, 1 Cu)
  [3/44] A0A368GCB1... ok (13 metal sites, 2 Cu)
  [4/44] A0A368H8E6... ok (30 metal sites, 1 Cu)
  [5/44] A0A395IVG2... ok (29 metal sites, 3 Cu)
  [6/44] A0A395N8E7... ok (37 metal sites, 2 Cu)
  [7/44] A0A395T2J9... ok (22 metal sites, 2 Cu)
  [8/44] A0A397CA67... ok (15 metal sites, 1 Cu)
  [9/44] A0A3Q3WBI7... ok (30 metal sites, 0 Cu)
  [10/44] A0A3Q3WZB1... ok (33 metal sites, 0 Cu)
  [11/44] A0A3R6YQ77... ok (14 metal sites, 0 Cu)
  [12/44] A0A3R6YR15... ok (27 metal sites, 2 Cu)
  [13/44] A0A3S3Q853... ok (35 metal sites, 2 Cu)
  [14/44] A0A409XKR0... ok (19 metal sites, 2 Cu)
  [15/44] A0A420TE23... ok (18 metal sites, 1 Cu)
  [16/44] A0A423V9S4... ok (16 metal sites, 1 Cu)
  [17/44] A0A423VZF3... ok (35 metal sites, 1 Cu)
  [18/44] A0A452VN29... ok (18 metal sites, 2 Cu)
  [19/44] A0A484FEH3... ok (14 metal sites, 1 Cu)
  [20/44] A0A4P7NSG9... ok (24 metal sites, 0 Cu)
  [21/44] A0A4P9W116... ok (13 metal sites, 0 Cu)
  [22/44] A0A4Q4TGW2... ok (12 metal sites, 1 Cu)
  [23/44] A0A4R8RHJ1... ok (18 metal sites, 2 Cu)
  [24/44] A0A4R8TDX1... ok (16 metal sites, 1 Cu)
  [25/44] A0A4T0VXZ2... ok (37 metal sites, 2 Cu)
  [26/44] A0A4U5V6J8... ok (18 metal sites, 2 Cu)
  [27/44] A0A4W5Q7Q2... ok (24 metal sites, 1 Cu)
  [28/44] A0A4W6F5R6... ok (33 metal sites, 2 Cu)
  [29/44] A0A4Y7SHR1... ok (12 metal sites, 1 Cu)
  [30/44] A0A4Y7SLL4... ok (26 metal sites, 1 Cu)
  [31/44] A0A4Y8CSZ8... ok (24 metal sites, 2 Cu)
  [32/44] A0A4Y9L370... ok (32 metal sites, 3 Cu)
  [33/44] A0A4Z1EU06... ok (22 metal sites, 3 Cu)
  [34/44] A0A4Z1HUY0... ok (20 metal sites, 1 Cu)
  [35/44] A0A4Z1KZ45... ok (30 metal sites, 1 Cu)
  [36/44] A0A507B7D3... [2026-06-12T16:45:35.015] error: *** JOB 1241440 ON gpu-1-76 CANCELLED AT 2026-06-12T16:45:35 DUE TO TIME LIMIT ***

Job 1241440 consumed 0.0 billing hours and 6.0 GPU hours from project nn1003k.

Submitted 2026-06-12T10:45:09; waited 26.0 seconds in the queue after becoming eligible to run.

Requested wallclock time: 6.0 hours
Elapsed wallclock time:   6.0 hours

Job timed out.

Task and CPU statistics:
ID             CPUs  Tasks  CPU util                Start  Elapsed  Exit status
1241440           1            0.0 %  2026-06-12T10:45:35    6.0 h  0
1241440.batch     1      1    84.7 %  2026-06-12T10:45:35    6.0 h  Signal 15

Used CPU time:   5.1 CPU hours
Unused CPU time: 55.0 CPU minutes

Memory statistics, in GiB:
ID              Alloc   Usage
1241440         120.0        
1241440.batch   120.0    61.1

Job 1241440 completed at Fri Jun 12 16:45:37 CEST 2026
