Starting job 1241444 on gpu-1-112 on Olivia at Fri Jun 12 16:45:42 CEST 2026

Task 6: structures 264-307 of 438
Started: Fri Jun 12 16:45:43 CEST 2026
Staged 44 CIFs
INFO:    gocryptfs not found, will not be able to use gocryptfs
Processing 44 structures (index 0-43)
  [1/44] A0AA38RDI6... ok (11 metal sites, 1 Cu)
  [2/44] A0AA38ZK36... ok (30 metal sites, 1 Cu)
  [3/44] A0AA39AG55... ok (21 metal sites, 1 Cu)
  [4/44] A0AA39TVF5... ok (31 metal sites, 1 Cu)
  [5/44] A0AA39UYT5... ok (22 metal sites, 1 Cu)
  [6/44] A0AA39WAN3... ok (21 metal sites, 1 Cu)
  [7/44] A0AA39WFD7... ok (19 metal sites, 4 Cu)
  [8/44] A0AA39WNN7... ok (30 metal sites, 1 Cu)
  [9/44] A0AA39X068... ok (28 metal sites, 2 Cu)
  [10/44] A0AA40BKR8... ok (17 metal sites, 1 Cu)
  [11/44] A0AA40CMX3... ok (19 metal sites, 0 Cu)
  [12/44] A0AA40EEA9... ok (21 metal sites, 2 Cu)
  [13/44] A0AA40HNJ0... ok (33 metal sites, 2 Cu)
  [14/44] A0AA40K7K0... ok (21 metal sites, 2 Cu)
  [15/44] A0AA41NC60... ok (27 metal sites, 1 Cu)
  [16/44] A0AA97NUK3... ok (13 metal sites, 2 Cu)
  [17/44] A0AA97P0L1... ok (22 metal sites, 2 Cu)
  [18/44] A0AAD1R4F4... ok (15 metal sites, 2 Cu)
  [19/44] A0AAD4E5F0... ok (35 metal sites, 3 Cu)
  [20/44] A0AAD4U9Y3... ok (31 metal sites, 0 Cu)
  [21/44] A0AAD5CPV8... ok (36 metal sites, 1 Cu)
  [22/44] A0AAD5QX24... ok (38 metal sites, 1 Cu)
  [23/44] A0AAD5T4N1... ok (32 metal sites, 3 Cu)
  [24/44] A0AAD5VMH3... ok (36 metal sites, 2 Cu)
  [25/44] A0AAD6ZI66... ok (18 metal sites, 1 Cu)
  [26/44] A0AAD7KW78... ok (23 metal sites, 0 Cu)
  [27/44] A0AAD8UU26... ok (40 metal sites, 0 Cu)
  [28/44] A0AAD9EDB7... ok (34 metal sites, 1 Cu)
  [29/44] A0AAD9EI53... ok (33 metal sites, 2 Cu)
  [30/44] A0AAD9Q6X7... ok (26 metal sites, 2 Cu)
  [31/44] A0AAD9S2L9... ok (31 metal sites, 2 Cu)
  [32/44] A0AAD9ZEW0... ok (30 metal sites, 1 Cu)
  [33/44] A0AAE0D8Y0... ok (16 metal sites, 0 Cu)
  [34/44] A0AAE0HWH1... ok (22 metal sites, 2 Cu)
  [35/44] A0AAE0K1D0... ok (21 metal sites, 3 Cu)
  [36/44] A0AAE0LMM3... ok (17 metal sites, 1 Cu)
  [37/44] A0AAE0M427... ok (10 metal sites, 1 Cu)
  [38/44] A0AAE0NMD8... ok (18 metal sites, 1 Cu)
  [39/44] A0AAE0XD93... [2026-06-12T22:46:06.003] error: *** JOB 1241444 ON gpu-1-112 CANCELLED AT 2026-06-12T22:46:06 DUE TO TIME LIMIT ***

Job 1241444 consumed 0.0 billing hours and 6.0 GPU hours from project nn1003k.

Submitted 2026-06-12T10:45:09; waited 7.0 seconds in the queue after becoming eligible to run.

Requested wallclock time: 6.0 hours
Elapsed wallclock time:   6.0 hours

Job timed out.

Task and CPU statistics:
ID             CPUs  Tasks  CPU util                Start  Elapsed  Exit status
1241444           1            0.0 %  2026-06-12T16:45:42    6.0 h  0
1241444.batch     1      1    91.0 %  2026-06-12T16:45:42    6.0 h  Signal 15

Used CPU time:   5.5 CPU hours
Unused CPU time: 32.5 CPU minutes

Memory statistics, in GiB:
ID              Alloc   Usage
1241444         120.0        
1241444.batch   120.0    66.9

Job 1241444 completed at Fri Jun 12 22:46:08 CEST 2026
